c:\users\wang\documents\camera\dse-patcher-cli\dse-patcher\src\dse-patcher\x64\debug\vc143.pdb
c:\users\wang\documents\camera\dse-patcher-cli\dse-patcher\src\dse-patcher\x64\debug\vc143.idb
c:\users\wang\documents\camera\dse-patcher-cli\dse-patcher\src\dse-patcher\x64\debug\rtcore64.obj
c:\users\wang\documents\camera\dse-patcher-cli\dse-patcher\src\dse-patcher\x64\debug\myfunctions.obj
c:\users\wang\documents\camera\dse-patcher-cli\dse-patcher\src\dse-patcher\x64\debug\main.obj
c:\users\wang\documents\camera\dse-patcher-cli\dse-patcher\src\dse-patcher\x64\debug\dbutil.obj
c:\users\wang\documents\camera\dse-patcher-cli\dse-patcher\src\dse-patcher\x64\debug\hde64.obj
c:\users\wang\documents\camera\dse-patcher-cli\dse-patcher\src\x64\debug\dse-patcher.exe
c:\users\wang\documents\camera\dse-patcher-cli\dse-patcher\src\x64\debug\dse-patcher.pdb
c:\users\wang\documents\camera\dse-patcher-cli\dse-patcher\src\dse-patcher\x64\debug\dse-patcher.res
c:\users\wang\documents\camera\dse-patcher-cli\dse-patcher\src\dse-patcher\x64\debug\dse-patcher.exe.embed.manifest.res
c:\users\wang\documents\camera\dse-patcher-cli\dse-patcher\src\dse-patcher\x64\debug\dse-patcher.ilk
c:\users\wang\documents\camera\dse-patcher-cli\dse-patcher\src\dse-patcher\x64\debug\dse-patcher.exe.embed.manifest
c:\users\wang\documents\camera\dse-patcher-cli\dse-patcher\src\dse-patcher\x64\debug\dse-patcher_manifest.rc
c:\users\wang\documents\camera\dse-patcher-cli\dse-patcher\src\dse-patcher\x64\debug\dse-patcher.tlog\cl.command.1.tlog
c:\users\wang\documents\camera\dse-patcher-cli\dse-patcher\src\dse-patcher\x64\debug\dse-patcher.tlog\cl.items.tlog
c:\users\wang\documents\camera\dse-patcher-cli\dse-patcher\src\dse-patcher\x64\debug\dse-patcher.tlog\cl.read.1.tlog
c:\users\wang\documents\camera\dse-patcher-cli\dse-patcher\src\dse-patcher\x64\debug\dse-patcher.tlog\cl.write.1.tlog
c:\users\wang\documents\camera\dse-patcher-cli\dse-patcher\src\dse-patcher\x64\debug\dse-patcher.tlog\link.command.1.tlog
c:\users\wang\documents\camera\dse-patcher-cli\dse-patcher\src\dse-patcher\x64\debug\dse-patcher.tlog\link.read.1.tlog
c:\users\wang\documents\camera\dse-patcher-cli\dse-patcher\src\dse-patcher\x64\debug\dse-patcher.tlog\link.secondary.1.tlog
c:\users\wang\documents\camera\dse-patcher-cli\dse-patcher\src\dse-patcher\x64\debug\dse-patcher.tlog\link.write.1.tlog
c:\users\wang\documents\camera\dse-patcher-cli\dse-patcher\src\dse-patcher\x64\debug\dse-patcher.tlog\rc.command.1.tlog
c:\users\wang\documents\camera\dse-patcher-cli\dse-patcher\src\dse-patcher\x64\debug\dse-patcher.tlog\rc.read.1.tlog
c:\users\wang\documents\camera\dse-patcher-cli\dse-patcher\src\dse-patcher\x64\debug\dse-patcher.tlog\rc.write.1.tlog
